// Jest Snapshot v1, https://goo.gl/fbAQLP

exports[`matches snapshot 1`] = `
<DocumentFragment>
  <div>
    <h1>
       Color Box Maker
    </h1>
    <form>
      <label
        for="height"
      >
        Box Height (px)
      </label>
      <input
        id="height"
        name="height"
        type="text"
        value=""
      />
      <label
        for="width"
      >
        Box Width (px)
      </label>
      <input
        id="width"
        name="width"
        type="text"
        value=""
      />
      <label
        for="backgroundColor"
      >
        Background Color
      </label>
      <input
        id="backgroundColor"
        name="backgroundColor"
        type="text"
        value=""
      />
      <button>
        Add Box
      </button>
    </form>
  </div>
</DocumentFragment>
`;
